// Jest Snapshot v1, https://goo.gl/fbAQLP

exports[`DataCleaner returnGolfCourseData should format golf course objects 1`] = `Promise {}`;
