// Jest Snapshot v1, https://goo.gl/fbAQLP

exports[`SearchResults should render like snapshot 1`] = `undefined`;
