// Jest Snapshot v1, https://goo.gl/fbAQLP

exports[`Card should render like snapshot 1`] = `undefined`;
