// Jest Snapshot v1, https://goo.gl/fbAQLP

exports[`Home should render like snapshot 1`] = `
ShallowWrapper {
  Symbol(enzyme.__root__): [Circular],
  Symbol(enzyme.__unrendered__): <Home />,
  Symbol(enzyme.__renderer__): Object {
    "batchedUpdates": [Function],
    "getNode": [Function],
    "render": [Function],
    "simulateError": [Function],
    "simulateEvent": [Function],
    "unmount": [Function],
  },
  Symbol(enzyme.__node__): Object {
    "instance": null,
    "key": undefined,
    "nodeType": "host",
    "props": Object {
      "children": Array [
        <h2
          className="home-header"
        >
          Welcome to Disc Golf Guru!
        </h2>,
        <p
          className="home-intro"
        >
          This site lets you search for nearby disc golf courses and shows your current weather and forecasts for each course.
        </p>,
        <NavLink
          activeClassName="active"
          aria-current="page"
          to="/findcourses"
        >
          <button
            className="home-search-button"
          >
            Click here to search for a disc golf course
          </button>
        </NavLink>,
      ],
      "className": "Home",
    },
    "ref": null,
    "rendered": Array [
      Object {
        "instance": null,
        "key": undefined,
        "nodeType": "host",
        "props": Object {
          "children": "Welcome to Disc Golf Guru!",
          "className": "home-header",
        },
        "ref": null,
        "rendered": "Welcome to Disc Golf Guru!",
        "type": "h2",
      },
      Object {
        "instance": null,
        "key": undefined,
        "nodeType": "host",
        "props": Object {
          "children": "This site lets you search for nearby disc golf courses and shows your current weather and forecasts for each course.",
          "className": "home-intro",
        },
        "ref": null,
        "rendered": "This site lets you search for nearby disc golf courses and shows your current weather and forecasts for each course.",
        "type": "p",
      },
      Object {
        "instance": null,
        "key": undefined,
        "nodeType": "function",
        "props": Object {
          "activeClassName": "active",
          "aria-current": "page",
          "children": <button
            className="home-search-button"
          >
            Click here to search for a disc golf course
          </button>,
          "to": "/findcourses",
        },
        "ref": null,
        "rendered": Object {
          "instance": null,
          "key": undefined,
          "nodeType": "host",
          "props": Object {
            "children": "Click here to search for a disc golf course",
            "className": "home-search-button",
          },
          "ref": null,
          "rendered": "Click here to search for a disc golf course",
          "type": "button",
        },
        "type": [Function],
      },
    ],
    "type": "div",
  },
  Symbol(enzyme.__nodes__): Array [
    Object {
      "instance": null,
      "key": undefined,
      "nodeType": "host",
      "props": Object {
        "children": Array [
          <h2
            className="home-header"
          >
            Welcome to Disc Golf Guru!
          </h2>,
          <p
            className="home-intro"
          >
            This site lets you search for nearby disc golf courses and shows your current weather and forecasts for each course.
          </p>,
          <NavLink
            activeClassName="active"
            aria-current="page"
            to="/findcourses"
          >
            <button
              className="home-search-button"
            >
              Click here to search for a disc golf course
            </button>
          </NavLink>,
        ],
        "className": "Home",
      },
      "ref": null,
      "rendered": Array [
        Object {
          "instance": null,
          "key": undefined,
          "nodeType": "host",
          "props": Object {
            "children": "Welcome to Disc Golf Guru!",
            "className": "home-header",
          },
          "ref": null,
          "rendered": "Welcome to Disc Golf Guru!",
          "type": "h2",
        },
        Object {
          "instance": null,
          "key": undefined,
          "nodeType": "host",
          "props": Object {
            "children": "This site lets you search for nearby disc golf courses and shows your current weather and forecasts for each course.",
            "className": "home-intro",
          },
          "ref": null,
          "rendered": "This site lets you search for nearby disc golf courses and shows your current weather and forecasts for each course.",
          "type": "p",
        },
        Object {
          "instance": null,
          "key": undefined,
          "nodeType": "function",
          "props": Object {
            "activeClassName": "active",
            "aria-current": "page",
            "children": <button
              className="home-search-button"
            >
              Click here to search for a disc golf course
            </button>,
            "to": "/findcourses",
          },
          "ref": null,
          "rendered": Object {
            "instance": null,
            "key": undefined,
            "nodeType": "host",
            "props": Object {
              "children": "Click here to search for a disc golf course",
              "className": "home-search-button",
            },
            "ref": null,
            "rendered": "Click here to search for a disc golf course",
            "type": "button",
          },
          "type": [Function],
        },
      ],
      "type": "div",
    },
  ],
  Symbol(enzyme.__options__): Object {
    "adapter": ReactSixteenAdapter {
      "options": Object {
        "enableComponentDidUpdateOnSetState": true,
        "lifecycles": Object {
          "componentDidUpdate": Object {
            "onSetState": true,
          },
          "getDerivedStateFromProps": true,
          "getSnapshotBeforeUpdate": true,
          "setState": Object {
            "skipsComponentDidUpdateOnNullish": true,
          },
        },
      },
    },
  },
}
`;
