// Jest Snapshot v1, https://goo.gl/fbAQLP

exports[`Header should render like snapshot 1`] = `
ShallowWrapper {
  Symbol(enzyme.__root__): [Circular],
  Symbol(enzyme.__unrendered__): <Header />,
  Symbol(enzyme.__renderer__): Object {
    "batchedUpdates": [Function],
    "getNode": [Function],
    "render": [Function],
    "simulateError": [Function],
    "simulateEvent": [Function],
    "unmount": [Function],
  },
  Symbol(enzyme.__node__): Object {
    "instance": null,
    "key": undefined,
    "nodeType": "host",
    "props": Object {
      "children": <NavLink
        activeClassName="active"
        aria-current="page"
        className="NavLink-site-title"
        to="/"
      >
        <h1
          className="site-title"
        >
          Disc Golf Guru
        </h1>
      </NavLink>,
      "className": "Header",
    },
    "ref": null,
    "rendered": Object {
      "instance": null,
      "key": undefined,
      "nodeType": "function",
      "props": Object {
        "activeClassName": "active",
        "aria-current": "page",
        "children": <h1
          className="site-title"
        >
          Disc Golf Guru
        </h1>,
        "className": "NavLink-site-title",
        "to": "/",
      },
      "ref": null,
      "rendered": Object {
        "instance": null,
        "key": undefined,
        "nodeType": "host",
        "props": Object {
          "children": "Disc Golf Guru",
          "className": "site-title",
        },
        "ref": null,
        "rendered": "Disc Golf Guru",
        "type": "h1",
      },
      "type": [Function],
    },
    "type": "div",
  },
  Symbol(enzyme.__nodes__): Array [
    Object {
      "instance": null,
      "key": undefined,
      "nodeType": "host",
      "props": Object {
        "children": <NavLink
          activeClassName="active"
          aria-current="page"
          className="NavLink-site-title"
          to="/"
        >
          <h1
            className="site-title"
          >
            Disc Golf Guru
          </h1>
        </NavLink>,
        "className": "Header",
      },
      "ref": null,
      "rendered": Object {
        "instance": null,
        "key": undefined,
        "nodeType": "function",
        "props": Object {
          "activeClassName": "active",
          "aria-current": "page",
          "children": <h1
            className="site-title"
          >
            Disc Golf Guru
          </h1>,
          "className": "NavLink-site-title",
          "to": "/",
        },
        "ref": null,
        "rendered": Object {
          "instance": null,
          "key": undefined,
          "nodeType": "host",
          "props": Object {
            "children": "Disc Golf Guru",
            "className": "site-title",
          },
          "ref": null,
          "rendered": "Disc Golf Guru",
          "type": "h1",
        },
        "type": [Function],
      },
      "type": "div",
    },
  ],
  Symbol(enzyme.__options__): Object {
    "adapter": ReactSixteenAdapter {
      "options": Object {
        "enableComponentDidUpdateOnSetState": true,
        "lifecycles": Object {
          "componentDidUpdate": Object {
            "onSetState": true,
          },
          "getDerivedStateFromProps": true,
          "getSnapshotBeforeUpdate": true,
          "setState": Object {
            "skipsComponentDidUpdateOnNullish": true,
          },
        },
      },
    },
  },
}
`;
